[Tue May  5 06:39:11 PM EDT 2026] sglang agent multi-turn launching
GPU MinFreq=1300500000 MaxFreq=1300500000 CurrentFreq=1300500000
EMC MinFreq=204000000 MaxFreq=3199000000 CurrentFreq=3199000000 FreqOverride=1
NV Power Mode: MAXN
[Tue May  5 06:39:11 PM EDT 2026] sglang agent sweep started; out=/nvme/ispass/jetson-containers/data/benchmarks/sweep_results/sglang_agent_20260505_183911.csv
  snapshots cache=on...
    d=8 t=20: pp_tok=12479 TTFT=  170.3ms TPOT= 22.5ms gen=150/150 dec_tps=44.4
[2026-05-05 22:57:23] Child process unexpectedly failed with an exit code 15. pid=1486
[2026-05-05 22:57:27] Child process unexpectedly failed with an exit code 15. pid=1488
    d=8 t=21: pp_tok=13185 TTFT=  234.9ms TPOT= 22.0ms gen=150/150 dec_tps=45.5
[2026-05-05 22:57:27] Child process unexpectedly failed with an exit code 15. pid=1490
[2026-05-05 22:57:31] Child process unexpectedly failed with an exit code 15. pid=1492
    d=8 t=22: pp_tok=13560 TTFT=  153.5ms TPOT= 22.7ms gen=150/150 dec_tps=44.1
[2026-05-05 22:57:31] Child process unexpectedly failed with an exit code 15. pid=1494
[2026-05-05 22:57:35] Child process unexpectedly failed with an exit code 15. pid=1496
    d=8 t=23: pp_tok=14322 TTFT=  253.4ms TPOT= 21.9ms gen=150/150 dec_tps=45.7
[2026-05-05 22:57:36] Child process unexpectedly failed with an exit code 15. pid=1498
[2026-05-05 22:57:39] Child process unexpectedly failed with an exit code 15. pid=1500
    d=8 t=24: pp_tok=14974 TTFT=  256.3ms TPOT= 22.1ms gen=150/150 dec_tps=45.2
[2026-05-05 22:57:40] Child process unexpectedly failed with an exit code 15. pid=1502
[2026-05-05 22:57:43] Child process unexpectedly failed with an exit code 15. pid=1504
    d=8 t=25: pp_tok=15477 TTFT=  198.6ms TPOT= 22.6ms gen=150/150 dec_tps=44.3
[2026-05-05 22:57:44] Child process unexpectedly failed with an exit code 15. pid=1506
[2026-05-05 22:57:47] Child process unexpectedly failed with an exit code 15. pid=1508
    d=8 t=26: pp_tok=15878 TTFT=  201.4ms TPOT= 22.1ms gen=150/150 dec_tps=45.3
[2026-05-05 22:57:48] Child process unexpectedly failed with an exit code 15. pid=1510
[2026-05-05 22:57:52] Child process unexpectedly failed with an exit code 15. pid=1512
    d=8 t=27: pp_tok=16368 TTFT=  207.2ms TPOT= 22.3ms gen=150/150 dec_tps=44.9
[2026-05-05 22:57:52] Child process unexpectedly failed with an exit code 15. pid=1514
[2026-05-05 22:57:56] Child process unexpectedly failed with an exit code 15. pid=1516
    d=8 t=28: pp_tok=17071 TTFT=  282.8ms TPOT= 22.0ms gen=150/150 dec_tps=45.5
[2026-05-05 22:57:56] Child process unexpectedly failed with an exit code 15. pid=1518
[2026-05-05 22:58:00] Child process unexpectedly failed with an exit code 15. pid=1520
    d=8 t=29: pp_tok=17447 TTFT=  183.7ms TPOT= 22.9ms gen=150/150 dec_tps=43.7
[2026-05-05 22:58:00] Child process unexpectedly failed with an exit code 15. pid=1522
[2026-05-05 22:58:04] Child process unexpectedly failed with an exit code 15. pid=1524
    d=9 t=0: pp_tok= 1524 TTFT=   57.6ms TPOT= 23.4ms gen=150/150 dec_tps=42.7
[2026-05-05 22:58:04] Child process unexpectedly failed with an exit code 15. pid=1526
[2026-05-05 22:58:08] Child process unexpectedly failed with an exit code 15. pid=1528
    d=9 t=1: pp_tok= 1901 TTFT=   66.4ms TPOT= 23.5ms gen=150/150 dec_tps=42.5
[2026-05-05 22:58:08] Child process unexpectedly failed with an exit code 15. pid=1530
[2026-05-05 22:58:12] Child process unexpectedly failed with an exit code 15. pid=1532
    d=9 t=2: pp_tok= 2665 TTFT=  110.5ms TPOT= 22.9ms gen=150/150 dec_tps=43.7
[2026-05-05 22:58:12] Child process unexpectedly failed with an exit code 15. pid=1534
[2026-05-05 22:58:16] Child process unexpectedly failed with an exit code 15. pid=1536
    d=9 t=3: pp_tok= 3310 TTFT=  113.1ms TPOT= 22.9ms gen=150/150 dec_tps=43.6
[2026-05-05 22:58:16] Child process unexpectedly failed with an exit code 15. pid=1538
[2026-05-05 22:58:20] Child process unexpectedly failed with an exit code 15. pid=1540
    d=9 t=4: pp_tok= 3813 TTFT=   94.5ms TPOT= 22.9ms gen=150/150 dec_tps=43.8
[2026-05-05 22:58:20] Child process unexpectedly failed with an exit code 15. pid=1542
[2026-05-05 22:58:24] Child process unexpectedly failed with an exit code 15. pid=1544
    d=9 t=5: pp_tok= 4214 TTFT=   95.9ms TPOT= 22.9ms gen=150/150 dec_tps=43.6
[2026-05-05 22:58:24] Child process unexpectedly failed with an exit code 15. pid=1546
[2026-05-05 22:58:28] Child process unexpectedly failed with an exit code 15. pid=1548
    d=9 t=6: pp_tok= 4704 TTFT=  100.1ms TPOT= 22.8ms gen=150/150 dec_tps=43.8
[2026-05-05 22:58:28] Child process unexpectedly failed with an exit code 15. pid=1550
[2026-05-05 22:58:32] Child process unexpectedly failed with an exit code 15. pid=1552
    d=9 t=7: pp_tok= 5407 TTFT=  144.3ms TPOT= 22.7ms gen=150/150 dec_tps=44.1
[2026-05-05 22:58:32] Child process unexpectedly failed with an exit code 15. pid=1554
[2026-05-05 22:58:36] Child process unexpectedly failed with an exit code 15. pid=1556
    d=9 t=8: pp_tok= 5783 TTFT=   94.6ms TPOT= 23.0ms gen=150/150 dec_tps=43.4
[2026-05-05 22:58:36] Child process unexpectedly failed with an exit code 15. pid=1558
[2026-05-05 22:58:40] Child process unexpectedly failed with an exit code 15. pid=1560
    d=9 t=9: pp_tok= 6545 TTFT=  160.9ms TPOT= 22.7ms gen=150/150 dec_tps=44.1
[2026-05-05 22:58:40] Child process unexpectedly failed with an exit code 15. pid=1562
[2026-05-05 22:58:44] Child process unexpectedly failed with an exit code 15. pid=1564
    d=9 t=10: pp_tok= 7191 TTFT=  160.3ms TPOT= 22.9ms gen=150/150 dec_tps=43.7
[2026-05-05 22:58:44] Child process unexpectedly failed with an exit code 15. pid=1566
[2026-05-05 22:58:48] Child process unexpectedly failed with an exit code 15. pid=1568
    d=9 t=11: pp_tok= 7698 TTFT=  129.2ms TPOT= 23.0ms gen=150/150 dec_tps=43.4
[2026-05-05 22:58:48] Child process unexpectedly failed with an exit code 15. pid=1570
[2026-05-05 22:58:52] Child process unexpectedly failed with an exit code 15. pid=1572
    d=9 t=12: pp_tok= 8098 TTFT=  130.3ms TPOT= 23.3ms gen=150/150 dec_tps=43.0
[2026-05-05 22:58:52] Child process unexpectedly failed with an exit code 15. pid=1574
[2026-05-05 22:58:56] Child process unexpectedly failed with an exit code 15. pid=1576
    d=9 t=13: pp_tok= 8589 TTFT=  137.7ms TPOT= 23.0ms gen=150/150 dec_tps=43.5
[2026-05-05 22:58:56] Child process unexpectedly failed with an exit code 15. pid=1578
[2026-05-05 22:59:00] Child process unexpectedly failed with an exit code 15. pid=1580
    d=9 t=14: pp_tok= 9293 TTFT=  195.8ms TPOT= 22.6ms gen=150/150 dec_tps=44.3
[2026-05-05 22:59:01] Child process unexpectedly failed with an exit code 15. pid=1582
[2026-05-05 22:59:04] Child process unexpectedly failed with an exit code 15. pid=1584
    d=9 t=15: pp_tok= 9669 TTFT=  126.1ms TPOT= 23.2ms gen=150/150 dec_tps=43.1
[2026-05-05 22:59:05] Child process unexpectedly failed with an exit code 15. pid=1586
[2026-05-05 22:59:08] Child process unexpectedly failed with an exit code 15. pid=1588
    d=9 t=16: pp_tok=10431 TTFT=  207.4ms TPOT= 22.6ms gen=150/150 dec_tps=44.2
[2026-05-05 22:59:09] Child process unexpectedly failed with an exit code 15. pid=1590
[2026-05-05 22:59:13] Child process unexpectedly failed with an exit code 15. pid=1592
    d=9 t=17: pp_tok=11079 TTFT=  211.4ms TPOT= 22.7ms gen=150/150 dec_tps=44.1
[2026-05-05 22:59:13] Child process unexpectedly failed with an exit code 15. pid=1594
[2026-05-05 22:59:17] Child process unexpectedly failed with an exit code 15. pid=1596
    d=9 t=18: pp_tok=11586 TTFT=  165.7ms TPOT= 22.9ms gen=150/150 dec_tps=43.7
[2026-05-05 22:59:17] Child process unexpectedly failed with an exit code 15. pid=1598
[2026-05-05 22:59:21] Child process unexpectedly failed with an exit code 15. pid=1600
    d=9 t=19: pp_tok=11987 TTFT=  169.0ms TPOT= 22.9ms gen=150/150 dec_tps=43.7
[2026-05-05 22:59:21] Child process unexpectedly failed with an exit code 15. pid=1602
[2026-05-05 22:59:25] Child process unexpectedly failed with an exit code 15. pid=1604
    d=9 t=20: pp_tok=12477 TTFT=  173.2ms TPOT= 22.8ms gen=150/150 dec_tps=43.8
[2026-05-05 22:59:25] Child process unexpectedly failed with an exit code 15. pid=1606
[2026-05-05 22:59:29] Child process unexpectedly failed with an exit code 15. pid=1608
    d=9 t=21: pp_tok=13181 TTFT=  237.0ms TPOT= 22.5ms gen=150/150 dec_tps=44.5
[2026-05-05 22:59:29] Child process unexpectedly failed with an exit code 15. pid=1610
[2026-05-05 22:59:33] Child process unexpectedly failed with an exit code 15. pid=1612
    d=9 t=22: pp_tok=13557 TTFT=  156.1ms TPOT= 23.1ms gen=150/150 dec_tps=43.4
[2026-05-05 22:59:34] Child process unexpectedly failed with an exit code 15. pid=1614
[2026-05-05 22:59:37] Child process unexpectedly failed with an exit code 15. pid=1616
    d=9 t=23: pp_tok=14320 TTFT=  252.2ms TPOT= 22.6ms gen=150/150 dec_tps=44.3
[2026-05-05 22:59:38] Child process unexpectedly failed with an exit code 15. pid=1618
[2026-05-05 22:59:42] Child process unexpectedly failed with an exit code 15. pid=1620
    d=9 t=24: pp_tok=14969 TTFT=  258.7ms TPOT= 22.5ms gen=150/150 dec_tps=44.5
[2026-05-05 22:59:42] Child process unexpectedly failed with an exit code 15. pid=1622
[2026-05-05 22:59:46] Child process unexpectedly failed with an exit code 15. pid=1624
    d=9 t=25: pp_tok=15477 TTFT=  198.1ms TPOT= 22.7ms gen=150/150 dec_tps=44.0
[2026-05-05 22:59:46] Child process unexpectedly failed with an exit code 15. pid=1626
[2026-05-05 22:59:50] Child process unexpectedly failed with an exit code 15. pid=1628
    d=9 t=26: pp_tok=15879 TTFT=  202.1ms TPOT= 22.8ms gen=150/150 dec_tps=43.8
[2026-05-05 22:59:50] Child process unexpectedly failed with an exit code 15. pid=1630
[2026-05-05 22:59:54] Child process unexpectedly failed with an exit code 15. pid=1632
    d=9 t=27: pp_tok=16368 TTFT=  207.4ms TPOT= 22.7ms gen=150/150 dec_tps=44.0
[2026-05-05 22:59:55] Child process unexpectedly failed with an exit code 15. pid=1634
[2026-05-05 22:59:59] Child process unexpectedly failed with an exit code 15. pid=1636
    d=9 t=28: pp_tok=17074 TTFT=  290.4ms TPOT= 22.5ms gen=150/150 dec_tps=44.5
[2026-05-05 22:59:59] Child process unexpectedly failed with an exit code 15. pid=1638
[2026-05-05 23:00:03] Child process unexpectedly failed with an exit code 15. pid=1640
    d=9 t=29: pp_tok=17450 TTFT=  186.5ms TPOT= 22.9ms gen=150/150 dec_tps=43.6

  Done. Rows written to /benchmarks/sweep_results/sglang_agent_20260505_183911.csv
  snapshots cache=off...
    d=8 t=20: pp_tok=12479 TTFT= 2155.6ms TPOT= 22.7ms gen=150/150 dec_tps=44.1
[2026-05-05 23:30:55] Child process unexpectedly failed with an exit code 15. pid=1485
[2026-05-05 23:31:01] Child process unexpectedly failed with an exit code 15. pid=1487
    d=8 t=21: pp_tok=13185 TTFT= 2334.1ms TPOT= 22.8ms gen=150/150 dec_tps=43.9
[2026-05-05 23:31:04] Child process unexpectedly failed with an exit code 15. pid=1489
[2026-05-05 23:31:10] Child process unexpectedly failed with an exit code 15. pid=1491
    d=8 t=22: pp_tok=13560 TTFT= 2413.7ms TPOT= 22.7ms gen=150/150 dec_tps=44.1
[2026-05-05 23:31:13] Child process unexpectedly failed with an exit code 15. pid=1493
[2026-05-05 23:31:19] Child process unexpectedly failed with an exit code 15. pid=1495
    d=8 t=23: pp_tok=14322 TTFT= 2603.8ms TPOT= 22.7ms gen=150/150 dec_tps=44.0
[2026-05-05 23:31:22] Child process unexpectedly failed with an exit code 15. pid=1497
[2026-05-05 23:31:28] Child process unexpectedly failed with an exit code 15. pid=1499
    d=8 t=24: pp_tok=14974 TTFT= 2787.7ms TPOT= 23.0ms gen=150/150 dec_tps=43.5
[2026-05-05 23:31:31] Child process unexpectedly failed with an exit code 15. pid=1501
[2026-05-05 23:31:38] Child process unexpectedly failed with an exit code 15. pid=1503
    d=8 t=25: pp_tok=15477 TTFT= 2929.5ms TPOT= 22.8ms gen=150/150 dec_tps=43.8
[2026-05-05 23:31:41] Child process unexpectedly failed with an exit code 15. pid=1505
[2026-05-05 23:31:48] Child process unexpectedly failed with an exit code 15. pid=1507
    d=8 t=26: pp_tok=15878 TTFT= 3080.3ms TPOT= 22.7ms gen=150/150 dec_tps=44.1
[2026-05-05 23:31:51] Child process unexpectedly failed with an exit code 15. pid=1509
[2026-05-05 23:31:58] Child process unexpectedly failed with an exit code 15. pid=1511
    d=8 t=27: pp_tok=16368 TTFT= 3176.9ms TPOT= 22.7ms gen=150/150 dec_tps=44.1
[2026-05-05 23:32:02] Child process unexpectedly failed with an exit code 15. pid=1513
[2026-05-05 23:32:09] Child process unexpectedly failed with an exit code 15. pid=1515
    d=8 t=28: pp_tok=17071 TTFT= 3396.1ms TPOT= 22.8ms gen=150/150 dec_tps=43.8
[2026-05-05 23:32:12] Child process unexpectedly failed with an exit code 15. pid=1517
[2026-05-05 23:32:19] Child process unexpectedly failed with an exit code 15. pid=1519
    d=8 t=29: pp_tok=17447 TTFT= 3500.8ms TPOT= 22.7ms gen=150/150 dec_tps=44.0
[2026-05-05 23:32:20] Child process unexpectedly failed with an exit code 15. pid=1521
[2026-05-05 23:32:24] Child process unexpectedly failed with an exit code 15. pid=1523
    d=9 t=0: pp_tok= 1524 TTFT=  157.0ms TPOT= 23.1ms gen=150/150 dec_tps=43.2
[2026-05-05 23:32:24] Child process unexpectedly failed with an exit code 15. pid=1525
[2026-05-05 23:32:28] Child process unexpectedly failed with an exit code 15. pid=1527
    d=9 t=1: pp_tok= 1901 TTFT=  210.2ms TPOT= 23.3ms gen=150/150 dec_tps=42.9
[2026-05-05 23:32:28] Child process unexpectedly failed with an exit code 15. pid=1529
[2026-05-05 23:32:32] Child process unexpectedly failed with an exit code 15. pid=1531
    d=9 t=2: pp_tok= 2665 TTFT=  312.2ms TPOT= 23.3ms gen=150/150 dec_tps=42.9
[2026-05-05 23:32:33] Child process unexpectedly failed with an exit code 15. pid=1533
[2026-05-05 23:32:37] Child process unexpectedly failed with an exit code 15. pid=1535
    d=9 t=3: pp_tok= 3310 TTFT=  394.5ms TPOT= 23.0ms gen=150/150 dec_tps=43.5
[2026-05-05 23:32:37] Child process unexpectedly failed with an exit code 15. pid=1537
[2026-05-05 23:32:42] Child process unexpectedly failed with an exit code 15. pid=1539
    d=9 t=4: pp_tok= 3813 TTFT=  459.5ms TPOT= 23.2ms gen=150/150 dec_tps=43.1
[2026-05-05 23:32:42] Child process unexpectedly failed with an exit code 15. pid=1541
[2026-05-05 23:32:46] Child process unexpectedly failed with an exit code 15. pid=1543
    d=9 t=5: pp_tok= 4214 TTFT=  526.1ms TPOT= 23.0ms gen=150/150 dec_tps=43.5
[2026-05-05 23:32:47] Child process unexpectedly failed with an exit code 15. pid=1545
[2026-05-05 23:32:51] Child process unexpectedly failed with an exit code 15. pid=1547
    d=9 t=6: pp_tok= 4704 TTFT=  605.8ms TPOT= 23.0ms gen=150/150 dec_tps=43.5
[2026-05-05 23:32:52] Child process unexpectedly failed with an exit code 15. pid=1549
[2026-05-05 23:32:57] Child process unexpectedly failed with an exit code 15. pid=1551
    d=9 t=7: pp_tok= 5407 TTFT=  726.0ms TPOT= 22.9ms gen=150/150 dec_tps=43.6
[2026-05-05 23:32:57] Child process unexpectedly failed with an exit code 15. pid=1553
[2026-05-05 23:33:02] Child process unexpectedly failed with an exit code 15. pid=1555
    d=9 t=8: pp_tok= 5783 TTFT=  798.2ms TPOT= 23.0ms gen=150/150 dec_tps=43.5
[2026-05-05 23:33:03] Child process unexpectedly failed with an exit code 15. pid=1557
[2026-05-05 23:33:07] Child process unexpectedly failed with an exit code 15. pid=1559
    d=9 t=9: pp_tok= 6545 TTFT=  915.0ms TPOT= 23.1ms gen=150/150 dec_tps=43.4
[2026-05-05 23:33:09] Child process unexpectedly failed with an exit code 15. pid=1561
[2026-05-05 23:33:13] Child process unexpectedly failed with an exit code 15. pid=1563
    d=9 t=10: pp_tok= 7191 TTFT= 1044.4ms TPOT= 22.9ms gen=150/150 dec_tps=43.6
[2026-05-05 23:33:15] Child process unexpectedly failed with an exit code 15. pid=1565
[2026-05-05 23:33:19] Child process unexpectedly failed with an exit code 15. pid=1567
    d=9 t=11: pp_tok= 7698 TTFT= 1153.8ms TPOT= 23.0ms gen=150/150 dec_tps=43.6
[2026-05-05 23:33:21] Child process unexpectedly failed with an exit code 15. pid=1569
[2026-05-05 23:33:26] Child process unexpectedly failed with an exit code 15. pid=1571
    d=9 t=12: pp_tok= 8098 TTFT= 1215.2ms TPOT= 23.0ms gen=150/150 dec_tps=43.5
[2026-05-05 23:33:27] Child process unexpectedly failed with an exit code 15. pid=1573
[2026-05-05 23:33:32] Child process unexpectedly failed with an exit code 15. pid=1575
    d=9 t=13: pp_tok= 8589 TTFT= 1309.0ms TPOT= 22.7ms gen=150/150 dec_tps=44.0
[2026-05-05 23:33:34] Child process unexpectedly failed with an exit code 15. pid=1577
[2026-05-05 23:33:39] Child process unexpectedly failed with an exit code 15. pid=1579
    d=9 t=14: pp_tok= 9293 TTFT= 1426.8ms TPOT= 23.6ms gen=150/150 dec_tps=42.4
[2026-05-05 23:33:40] Child process unexpectedly failed with an exit code 15. pid=1581
[2026-05-05 23:33:45] Child process unexpectedly failed with an exit code 15. pid=1583
    d=9 t=15: pp_tok= 9669 TTFT= 1495.8ms TPOT= 23.2ms gen=150/150 dec_tps=43.1
[2026-05-05 23:33:47] Child process unexpectedly failed with an exit code 15. pid=1585
[2026-05-05 23:33:53] Child process unexpectedly failed with an exit code 15. pid=1587
    d=9 t=16: pp_tok=10431 TTFT= 1668.9ms TPOT= 23.0ms gen=150/150 dec_tps=43.6
[2026-05-05 23:33:55] Child process unexpectedly failed with an exit code 15. pid=1589
[2026-05-05 23:34:00] Child process unexpectedly failed with an exit code 15. pid=1591
    d=9 t=17: pp_tok=11079 TTFT= 1818.8ms TPOT= 22.7ms gen=150/150 dec_tps=44.0
[2026-05-05 23:34:02] Child process unexpectedly failed with an exit code 15. pid=1593
[2026-05-05 23:34:08] Child process unexpectedly failed with an exit code 15. pid=1595
    d=9 t=18: pp_tok=11586 TTFT= 1934.1ms TPOT= 22.9ms gen=150/150 dec_tps=43.7
[2026-05-05 23:34:10] Child process unexpectedly failed with an exit code 15. pid=1597
[2026-05-05 23:34:15] Child process unexpectedly failed with an exit code 15. pid=1599
    d=9 t=19: pp_tok=11987 TTFT= 2020.6ms TPOT= 22.8ms gen=150/150 dec_tps=43.8
[2026-05-05 23:34:18] Child process unexpectedly failed with an exit code 15. pid=1601
[2026-05-05 23:34:24] Child process unexpectedly failed with an exit code 15. pid=1603
    d=9 t=20: pp_tok=12477 TTFT= 2155.7ms TPOT= 23.0ms gen=150/150 dec_tps=43.5
[2026-05-05 23:34:26] Child process unexpectedly failed with an exit code 15. pid=1605
[2026-05-05 23:34:32] Child process unexpectedly failed with an exit code 15. pid=1607
    d=9 t=21: pp_tok=13181 TTFT= 2312.6ms TPOT= 22.9ms gen=150/150 dec_tps=43.7
[2026-05-05 23:34:35] Child process unexpectedly failed with an exit code 15. pid=1609
[2026-05-05 23:34:41] Child process unexpectedly failed with an exit code 15. pid=1611
    d=9 t=22: pp_tok=13557 TTFT= 2414.6ms TPOT= 22.7ms gen=150/150 dec_tps=44.1
[2026-05-05 23:34:43] Child process unexpectedly failed with an exit code 15. pid=1613
[2026-05-05 23:34:50] Child process unexpectedly failed with an exit code 15. pid=1615
    d=9 t=23: pp_tok=14320 TTFT= 2603.1ms TPOT= 22.9ms gen=150/150 dec_tps=43.6
[2026-05-05 23:34:53] Child process unexpectedly failed with an exit code 15. pid=1617
[2026-05-05 23:34:59] Child process unexpectedly failed with an exit code 15. pid=1619
    d=9 t=24: pp_tok=14969 TTFT= 2788.7ms TPOT= 23.0ms gen=150/150 dec_tps=43.5
[2026-05-05 23:35:02] Child process unexpectedly failed with an exit code 15. pid=1621
[2026-05-05 23:35:09] Child process unexpectedly failed with an exit code 15. pid=1623
    d=9 t=25: pp_tok=15477 TTFT= 2936.0ms TPOT= 22.6ms gen=150/150 dec_tps=44.3
[2026-05-05 23:35:12] Child process unexpectedly failed with an exit code 15. pid=1625
[2026-05-05 23:35:18] Child process unexpectedly failed with an exit code 15. pid=1627
    d=9 t=26: pp_tok=15879 TTFT= 3082.8ms TPOT= 22.8ms gen=150/150 dec_tps=43.8
[2026-05-05 23:35:22] Child process unexpectedly failed with an exit code 15. pid=1629
[2026-05-05 23:35:29] Child process unexpectedly failed with an exit code 15. pid=1631
    d=9 t=27: pp_tok=16368 TTFT= 3181.0ms TPOT= 23.2ms gen=150/150 dec_tps=43.1
[2026-05-05 23:35:32] Child process unexpectedly failed with an exit code 15. pid=1633
[2026-05-05 23:35:39] Child process unexpectedly failed with an exit code 15. pid=1635
    d=9 t=28: pp_tok=17074 TTFT= 3397.9ms TPOT= 22.9ms gen=150/150 dec_tps=43.7
[2026-05-05 23:35:43] Child process unexpectedly failed with an exit code 15. pid=1637
[2026-05-05 23:35:50] Child process unexpectedly failed with an exit code 15. pid=1639
    d=9 t=29: pp_tok=17450 TTFT= 3502.2ms TPOT= 22.7ms gen=150/150 dec_tps=44.0

  Done. Rows written to /benchmarks/sweep_results/sglang_agent_20260505_183911.csv
[Tue May  5 07:35:53 PM EDT 2026] sglang agent sweep done; CSV: /nvme/ispass/jetson-containers/data/benchmarks/sweep_results/sglang_agent_20260505_183911.csv
[Tue May  5 07:35:53 PM EDT 2026] rows: 601
-rw-rw-r--+ 1 root root 97101 May  5 19:35 /nvme/ispass/jetson-containers/data/benchmarks/sweep_results/sglang_agent_20260505_183911.csv
